Should match snapshot:
  1: |
    apiVersion: v1
    data:
      LOG: stdout
      METADATA: ""
      REGION: us
      REMOTE_MANAGEMENT: ""
    kind: ConfigMap
    metadata:
      name: ngrok-ingress-controller-agent-cm
      namespace: NAMESPACE
